..........................................                               [100%]
============================== warnings summary ===============================
tests/test_rank_search_candidate_filter.py::test_rank_search_raises_if_no_valid_candidates
  D:\1_Talkweb\LLM\matrix\tests\test_rank_search_candidate_filter.py:69: UserWarning: [rank_search] layer 0: head_dim=16, filtering out rank candidates exceeding head_dim: [128, 256]. Valid candidates: []
    search_rank_per_layer(

-- Docs: https://docs.pytest.org/en/stable/how-to/capture-warnings.html
42 passed, 1 warning in 14.07s
