============================= test session starts =============================
platform win32 -- Python 3.10.20, pytest-9.0.3, pluggy-1.6.0 -- E:\Anaconda3\envs\hawp_laq\python.exe
cachedir: .pytest_cache
rootdir: D:\1_Talkweb\LLM\matrix
plugins: anyio-4.13.0
collecting ... collected 376 items

tests/test_archive_k_approx_fallback_path.py::TestArchiveKApproxFallbackPath::test_switch_off_uses_dequant_path PASSED [  0%]
tests/test_archive_k_approx_fallback_path.py::TestArchiveKApproxFallbackPath::test_mse_quantizer_uses_dequant_path PASSED [  0%]
tests/test_archive_k_approx_fallback_path.py::TestArchiveKApproxFallbackPath::test_no_archive_returns_false PASSED [  0%]
tests/test_archive_k_approx_fallback_path.py::TestArchiveKApproxFallbackPath::test_full_forward_with_switch_off PASSED [  1%]
tests/test_archive_k_approx_inner_product_path.py::TestArchiveKApproxInnerProductPath::test_approx_path_called_when_turboquant_prod_and_switch_on PASSED [  1%]
tests/test_archive_k_approx_inner_product_path.py::TestArchiveKApproxInnerProductPath::test_approx_path_result_close_to_dequant_path PASSED [  1%]
tests/test_archive_k_approx_inner_product_path.py::TestArchiveKApproxInnerProductPath::test_prefill_approx_path PASSED [  1%]
tests/test_archive_k_approx_inner_product_path.py::TestArchiveKApproxInnerProductPath::test_full_forward_with_approx_path PASSED [  2%]
tests/test_archive_k_approx_inner_product_path.py::TestArchiveKApproxInnerProductPath::test_gqa_approx_path PASSED [  2%]
tests/test_archive_recent_logit_concat_softmax.py::TestArchiveRecentLogitConcatSoftmax::test_archive_recent_logits_concatenated_before_softmax PASSED [  2%]
tests/test_archive_recent_logit_concat_softmax.py::TestArchiveRecentLogitConcatSoftmax::test_separate_softmax_differs_from_unified_softmax PASSED [  2%]
tests/test_archive_recent_logit_concat_softmax.py::TestArchiveRecentLogitConcatSoftmax::test_result_shape_correct_with_archive_and_recent PASSED [  3%]
tests/test_archive_recent_logit_concat_softmax.py::TestArchiveRecentLogitConcatSoftmax::test_decode_and_prefill_both_work PASSED [  3%]
tests/test_archive_recent_logit_concat_softmax.py::TestArchiveRecentLogitConcatSoftmax::test_archive_only_no_recent PASSED [  3%]
tests/test_attention_equivalence.py::TestRopeUtils::test_rotate_half_shape PASSED [  3%]
tests/test_attention_equivalence.py::TestRopeUtils::test_rotate_half_value PASSED [  4%]
tests/test_attention_equivalence.py::TestRopeUtils::test_apply_rotary_pos_emb_shape PASSED [  4%]
tests/test_attention_equivalence.py::TestGetAttnConfig::test_from_attn_module_config PASSED [  4%]
tests/test_attention_equivalence.py::TestGetAttnConfig::test_from_model_config PASSED [  5%]
tests/test_attention_equivalence.py::TestGetAttnConfig::test_fallback_default PASSED [  5%]
tests/test_attention_equivalence.py::TestGetAttnConfig::test_infer_from_proj_shapes PASSED [  5%]
tests/test_attention_equivalence.py::TestHAWPAttentionConstruction::test_from_attention_identity_projectors PASSED [  5%]
tests/test_attention_equivalence.py::TestHAWPAttentionConstruction::test_weights_copied PASSED [  6%]
tests/test_attention_equivalence.py::TestHAWPAttentionConstruction::test_forward_shape PASSED [  6%]
tests/test_attention_equivalence.py::TestHAWPAttentionConstruction::test_from_attention_model_none PASSED [  6%]
tests/test_attention_equivalence.py::TestHAWPAttentionConstruction::test_from_attention_with_model PASSED [  6%]
tests/test_attention_equivalence.py::TestHAWPAttentionConstruction::test_construct_without_real_attn PASSED [  7%]
tests/test_attention_equivalence.py::TestFullRankForwardEquivalence::test_logits_close PASSED [  7%]
tests/test_attention_equivalence.py::TestFullRankForwardEquivalence::test_generation_same_first_token PASSED [  7%]
tests/test_attention_equivalence.py::TestConversionMarks::test_config_marked_after_conversion PASSED [  7%]
tests/test_attention_equivalence.py::TestConversionMarks::test_all_layers_replaced PASSED [  8%]
tests/test_cache_manager.py::TestLayerKVCache::test_append_recent_and_count PASSED [  8%]
tests/test_cache_manager.py::TestLayerKVCache::test_demote_to_archive PASSED [  8%]
tests/test_cache_manager.py::TestLayerKVCache::test_get_all_k PASSED     [  9%]
tests/test_cache_manager.py::TestLayerKVCache::test_get_all_after_demote PASSED [  9%]
tests/test_cache_manager.py::TestLayerKVCache::test_drop_oldest PASSED   [  9%]
tests/test_cache_manager.py::TestLayerKVCache::test_nbytes PASSED        [  9%]
tests/test_cache_manager.py::TestLayerKVCache::test_empty_get_all PASSED [ 10%]
tests/test_cache_manager.py::TestCacheManager::test_append_and_len PASSED [ 10%]
tests/test_cache_manager.py::TestCacheManager::test_get_kv PASSED        [ 10%]
tests/test_cache_manager.py::TestCacheManager::test_demote_all PASSED    [ 10%]
tests/test_cache_manager.py::TestCacheManager::test_total_nbytes PASSED  [ 11%]
tests/test_cache_manager.py::TestCacheManager::test_apply_scheduler PASSED [ 11%]
tests/test_cache_manager.py::TestCacheManager::test_summary PASSED       [ 11%]
tests/test_cache_manager.py::TestCacheManager::test_layer_mismatch_raises PASSED [ 11%]
tests/test_cache_manager.py::TestCacheManager::test_getitem PASSED       [ 12%]
tests/test_cache_manager_kv_dims.py::test_cache_manager_rejects_asymmetric_dims_if_layer_cache_not_supported PASSED [ 12%]
tests/test_cache_manager_kv_dims.py::test_cache_manager_accepts_symmetric_kv_dims PASSED [ 12%]
tests/test_cache_manager_turboquant.py::TestLayerKVCache::test_append_recent PASSED [ 13%]
tests/test_cache_manager_turboquant.py::TestLayerKVCache::test_get_all_empty PASSED [ 13%]
tests/test_cache_manager_turboquant.py::TestLayerKVCache::test_recent_only PASSED [ 13%]
tests/test_cache_manager_turboquant.py::TestLayerKVCache::test_demote_to_archive PASSED [ 13%]
tests/test_cache_manager_turboquant.py::TestLayerKVCache::test_archive_dequant_shape PASSED [ 14%]
tests/test_cache_manager_turboquant.py::TestLayerKVCache::test_recent_plus_archive PASSED [ 14%]
tests/test_cache_manager_turboquant.py::TestLayerKVCache::test_nbytes_recent PASSED [ 14%]
tests/test_cache_manager_turboquant.py::TestLayerKVCache::test_nbytes_archive PASSED [ 14%]
tests/test_cache_manager_turboquant.py::TestLayerKVCache::test_archive_smaller_than_fp16 PASSED [ 15%]
tests/test_cache_manager_turboquant.py::TestLayerKVCache::test_incremental_demote PASSED [ 15%]
tests/test_cache_manager_turboquant.py::TestCacheManager::test_create PASSED [ 15%]
tests/test_cache_manager_turboquant.py::TestCacheManager::test_append_and_retrieve PASSED [ 15%]
tests/test_cache_manager_turboquant.py::TestCacheManager::test_layer_mismatch_raises PASSED [ 16%]
tests/test_cache_manager_turboquant.py::TestCacheManager::test_demote_all PASSED [ 16%]
tests/test_cache_manager_turboquant.py::TestCacheManager::test_recent_then_demote_then_append PASSED [ 16%]
tests/test_cache_manager_turboquant.py::TestCacheManager::test_nbytes_breakdown PASSED [ 17%]
tests/test_cache_manager_turboquant.py::TestCacheManager::test_summary_keys PASSED [ 17%]
tests/test_cache_manager_turboquant.py::TestCacheManager::test_from_config PASSED [ 17%]
tests/test_calib.py::TestCalibConfig::test_dev_local_calib PASSED        [ 17%]
tests/test_calib.py::TestCalibConfig::test_run_server_calib PASSED       [ 18%]
tests/test_calib.py::TestFindAttention::test_opt_has_attention_layers PASSED [ 18%]
tests/test_calib.py::TestFindAttention::test_attention_indices_sequential PASSED [ 18%]
tests/test_calib.py::TestCollectorOnQKV::test_buffer_accumulates PASSED  [ 18%]
tests/test_calib.py::TestCollectorOnQKV::test_buffer_multi_layer PASSED  [ 19%]
tests/test_calib.py::TestCollectorSave::test_save_creates_layer_files PASSED [ 19%]
tests/test_calib.py::TestCollectorSave::test_save_clears_buffers PASSED  [ 19%]
tests/test_compressor_missing_ranks.py::test_compressor_warns_on_missing_rank_keys_and_falls_back PASSED [ 19%]
tests/test_config.py::test_load_dev_local PASSED                         [ 20%]
tests/test_config.py::test_load_run_server PASSED                        [ 20%]
tests/test_config.py::test_missing_config_raises PASSED                  [ 20%]
tests/test_config_strict_partial.py::test_resolve_projector_ranks_quant_only_partial_still_raises PASSED [ 21%]
tests/test_config_strict_partial.py::test_resolve_projector_ranks_partial_rv_only_raises PASSED [ 21%]
tests/test_convert_ranks_per_layer.py::test_convert_llama_to_hawp_supports_ranks_per_layer PASSED [ 21%]
tests/test_convert_ranks_per_layer.py::test_convert_llama_to_hawp_global_default_metadata_when_per_layer_ranks_used PASSED [ 21%]
tests/test_convert_ranks_per_layer.py::test_convert_llama_to_hawp_no_per_layer_ranks_metadata PASSED [ 22%]
tests/test_from_attention_allow_default.py::test_from_attention_missing_one_rank_raises_without_allow_default PASSED [ 22%]
tests/test_from_attention_allow_default.py::test_from_attention_quant_only_style_can_allow_default_full_rank PASSED [ 22%]
tests/test_from_attention_allow_default.py::test_from_attention_explicit_rk_rv_no_allow_needed PASSED [ 22%]
tests/test_from_attention_allow_default.py::test_attention_init_partial_ranks_raise_even_with_allow_default PASSED [ 23%]
tests/test_from_attention_allow_default.py::test_attention_init_both_none_allow_default_still_full_rank PASSED [ 23%]
tests/test_full_rank_fallback_without_projector.py::test_layers_without_projector_fallback_to_full_rank PASSED [ 23%]
tests/test_full_rank_fallback_without_projector.py::test_effective_ranks_per_layer_prefers_projector_layers PASSED [ 23%]
tests/test_full_rank_fallback_without_projector.py::test_hawp_only_single_projector_layer_does_not_low_rank_other_layers PASSED [ 24%]
tests/test_full_rank_identity_equivalence.py::test_full_rank_identity_matches_baseline_math PASSED [ 24%]
tests/test_full_rank_identity_equivalence.py::test_real_hawp_attention_matches_baseline_in_identity_mode PASSED [ 24%]
tests/test_gamma_applied_on_logits_not_output.py::test_gamma_on_logits_differs_from_gamma_on_output PASSED [ 25%]
tests/test_gamma_applied_on_logits_not_output.py::test_real_attention_path_uses_gamma_in_logits_if_accessible PASSED [ 25%]
tests/test_gamma_applied_on_logits_not_output.py::test_apply_pv_has_no_gamma PASSED [ 25%]
tests/test_gamma_off_vs_fixed.py::TestGammaOffVsFixed::test_gamma_off_no_gamma_in_scale PASSED [ 25%]
tests/test_gamma_off_vs_fixed.py::TestGammaOffVsFixed::test_gamma_fixed_multiplies_gamma_value PASSED [ 26%]
tests/test_gamma_off_vs_fixed.py::TestGammaOffVsFixed::test_gamma_fixed_uses_module_gamma_when_value_is_none PASSED [ 26%]
tests/test_gamma_off_vs_fixed.py::TestGammaOffVsFixed::test_gamma_off_and_fixed_produce_different_logits PASSED [ 26%]
tests/test_gamma_off_vs_fixed.py::TestGammaOffVsFixed::test_gamma_value_one_equals_off PASSED [ 26%]
tests/test_generate_ranks_fix.py::test_setup_hawp_quant_on_model_resolves_head_dim_before_conversion PASSED [ 27%]
tests/test_generate_ranks_fix.py::test_setup_quant_cache_per_layer_calls_setup_quant_cache PASSED [ 27%]
tests/test_generate_ranks_fix.py::test_hawp_quant_main_path_enables_use_cache_manager PASSED [ 27%]
tests/test_generation.py::TestConfigGenerationFields::test_dev_local_generation PASSED [ 27%]
tests/test_generation.py::TestConfigGenerationFields::test_run_server_generation PASSED [ 28%]
tests/test_generation.py::TestConfigGenerationFields::test_model_id_field PASSED [ 28%]
tests/test_generation.py::TestConfigGenerationFields::test_server_model_id PASSED [ 28%]
tests/test_generation.py::TestResolveDevice::test_cpu_stays_cpu PASSED   [ 28%]
tests/test_generation.py::TestResolveDevice::test_cuda_fallback PASSED   [ 29%]
tests/test_generation.py::TestResolveDevice::test_cuda_stays_cuda PASSED [ 29%]
tests/test_generation.py::TestDtypeMap::test_all_keys_valid PASSED       [ 29%]
tests/test_generation.py::TestFmtBytes::test_zero PASSED                 [ 30%]
tests/test_generation.py::TestFmtBytes::test_kb PASSED                   [ 30%]
tests/test_generation.py::TestFmtBytes::test_mb PASSED                   [ 30%]
tests/test_hawp_only_setup_uses_main_path.py::TestHawpOnlyUsesConvertAndLoadProjectors::test_setup_hawp_only_calls_convert_and_load_projectors PASSED [ 30%]
tests/test_hawp_only_setup_uses_main_path.py::TestHawpOnlyUsesConvertAndLoadProjectors::test_setup_hawp_only_no_manual_convert PASSED [ 31%]
tests/test_hawp_only_setup_uses_main_path.py::TestHawpOnlyUsesConvertAndLoadProjectors::test_imports_convert_and_load_projectors PASSED [ 31%]
tests/test_hawp_only_setup_uses_main_path.py::TestHawpOnlyUsesConvertAndLoadProjectors::test_no_stale_convert_llama_to_hawp_import PASSED [ 31%]
tests/test_latent_quant_bridge.py::TestCreateKVQuantizers::test_creates_matched_pair PASSED [ 31%]
tests/test_latent_quant_bridge.py::TestCreateKVQuantizers::test_custom_bits PASSED [ 32%]
tests/test_latent_quant_bridge.py::TestCreateKVQuantizers::test_no_rotation PASSED [ 32%]
tests/test_latent_quant_bridge.py::TestQuantizeKVLatents::test_2d_input PASSED [ 32%]
tests/test_latent_quant_bridge.py::TestQuantizeKVLatents::test_3d_input PASSED [ 32%]
tests/test_latent_quant_bridge.py::TestQuantizeKVLatents::test_dim_mismatch_raises PASSED [ 33%]
tests/test_latent_quant_bridge.py::TestQuantizeKVLatents::test_v_dim_mismatch_raises PASSED [ 33%]
tests/test_latent_quant_bridge.py::TestQuantizeKVLatents::test_unsupported_ndim_raises PASSED [ 33%]
tests/test_latent_quant_bridge.py::TestDequantizeKVLatents::test_roundtrip_2d PASSED [ 34%]
tests/test_latent_quant_bridge.py::TestDequantizeKVLatents::test_roundtrip_3d PASSED [ 34%]
tests/test_latent_quant_bridge.py::TestDequantizeKVLatents::test_8bit_better_than_4bit PASSED [ 34%]
tests/test_latent_quant_bridge.py::TestDequantizeKVLatents::test_rotation_vs_no_rotation PASSED [ 34%]
tests/test_latent_quant_bridge.py::TestDequantizeKVLatents::test_different_rk_rv PASSED [ 35%]
tests/test_latent_quant_bridge.py::TestLatentKVBytes::test_bytes_positive PASSED [ 35%]
tests/test_latent_quant_bridge.py::TestLatentKVBytes::test_4bit_smaller_than_fp16 PASSED [ 35%]
tests/test_latent_quant_bridge.py::TestBaselineKVBytes::test_float16 PASSED [ 35%]
tests/test_latent_quant_bridge.py::TestBaselineKVBytes::test_float32 PASSED [ 36%]
tests/test_latent_quant_bridge.py::TestSavingRatio::test_ratio_between_0_and_1 PASSED [ 36%]
tests/test_latent_quant_bridge.py::TestSavingRatio::test_4bit_better_ratio_than_8bit PASSED [ 36%]
tests/test_load_hawp_model.py::test_load_hawp_model_missing_ranks_raises_without_allow_default PASSED [ 36%]
tests/test_load_hawp_model.py::test_load_hawp_model_allow_default_full_rank PASSED [ 37%]
tests/test_load_legacy_projector.py::test_load_legacy_rectangular_projector_format PASSED [ 37%]
tests/test_load_projectors_strict.py::test_load_projectors_strict_shape_check PASSED [ 37%]
tests/test_losses.py::TestComputeLogitsFp::test_shape PASSED             [ 38%]
tests/test_losses.py::TestComputeLogitsFp::test_scale PASSED             [ 38%]
tests/test_losses.py::TestComputeLogitsHat::test_shape PASSED            [ 38%]
tests/test_losses.py::TestComputeLogitsHat::test_equivalent_to_reconstruction PASSED [ 38%]
tests/test_losses.py::TestLogitsMseLoss::test_zero_loss PASSED           [ 39%]
tests/test_losses.py::TestLogitsMseLoss::test_nonzero_loss PASSED        [ 39%]
tests/test_losses.py::TestAttentionOutputMseLoss::test_zero_loss PASSED  [ 39%]
tests/test_losses.py::TestValueReconstructionLoss::test_perfect_projection PASSED [ 39%]
tests/test_losses.py::TestValueReconstructionLoss::test_with_gamma PASSED [ 40%]
tests/test_losses.py::TestTotalProjectorLoss::test_weighted_sum PASSED   [ 40%]
tests/test_low_rank_math.py::TestLowRankProjectionReconstructionFormula::test_apply_pk_uses_pk_down_transpose PASSED [ 40%]
tests/test_low_rank_math.py::TestLowRankProjectionReconstructionFormula::test_apply_pv_uses_pv_down_transpose PASSED [ 40%]
tests/test_low_rank_math.py::TestLowRankProjectionReconstructionFormula::test_low_rank_output_uses_pv_down_transpose PASSED [ 41%]
tests/test_low_rank_math.py::TestGammaAppliedOnLogitsNotOutput::test_gamma_does_not_multiply_output PASSED [ 41%]
tests/test_low_rank_math.py::TestGammaAppliedOnLogitsNotOutput::test_gamma_scales_logits_not_value_path PASSED [ 41%]
tests/test_low_rank_math.py::TestGammaAppliedOnLogitsNotOutput::test_apply_pv_has_no_gamma PASSED [ 42%]
tests/test_low_rank_math.py::TestLowRankScalingUsesRk::test_logits_scaled_by_sqrt_rk_not_head_dim PASSED [ 42%]
tests/test_low_rank_math.py::TestLowRankScalingUsesRk::test_different_r_k_gives_different_scaling PASSED [ 42%]
tests/test_low_rank_math.py::TestFullRankIdentityEquivalence::test_full_rank_identity_close_to_no_projection PASSED [ 42%]
tests/test_low_rank_math.py::TestFullRankIdentityEquivalence::test_full_rank_no_gamma_effect PASSED [ 43%]
tests/test_low_rank_projection_reconstruction_formula.py::test_low_rank_projection_reconstruction_uses_column_subspace PASSED [ 43%]
tests/test_low_rank_projection_reconstruction_formula.py::test_apply_pk_matches_pr_prt PASSED [ 43%]
tests/test_low_rank_projection_reconstruction_formula.py::test_apply_pv_matches_pr_prt PASSED [ 43%]
tests/test_low_rank_scaling_mode_dh_vs_rk.py::TestLogitScaleModeDhVsRk::test_dh_and_rk_produce_different_logits PASSED [ 44%]
tests/test_low_rank_scaling_mode_dh_vs_rk.py::TestLogitScaleModeDhVsRk::test_dh_equals_standard_attention_temperature PASSED [ 44%]
tests/test_low_rank_scaling_mode_dh_vs_rk.py::TestLogitScaleModeDhVsRk::test_rk_scale_depends_on_rank PASSED [ 44%]
tests/test_low_rank_scaling_mode_dh_vs_rk.py::TestLogitScaleModeDhVsRk::test_full_rank_dh_equals_standard_temperature PASSED [ 44%]
tests/test_low_rank_scaling_mode_dh_vs_rk.py::TestLogitScaleModeDhVsRk::test_full_rank_rk_equals_dh_when_rk_equals_dh PASSED [ 45%]
tests/test_low_rank_scaling_mode_dh_vs_rk.py::TestLogitScaleModeDhVsRk::test_invalid_mode_raises PASSED [ 45%]
tests/test_low_rank_scaling_uses_rk.py::test_low_rank_logits_use_sqrt_rk_not_head_dim PASSED [ 45%]
tests/test_low_rank_scaling_uses_rk.py::test_real_low_rank_logits_scaling_matches_rk_if_accessible PASSED [ 46%]
tests/test_opt_no_double_scaling.py::TestOptNoDoubleScaling::test_opt_dh_mode_undoes_pre_scaling PASSED [ 46%]
tests/test_opt_no_double_scaling.py::TestOptNoDoubleScaling::test_opt_rk_mode_applies_sqrt_dh_over_sqrt_rk PASSED [ 46%]
tests/test_opt_no_double_scaling.py::TestOptNoDoubleScaling::test_non_opt_dh_no_extra_undo PASSED [ 46%]
tests/test_opt_no_double_scaling.py::TestOptNoDoubleScaling::test_non_opt_rk_no_extra_undo PASSED [ 47%]
tests/test_opt_no_double_scaling.py::TestOptNoDoubleScaling::test_opt_dh_net_effect_is_1_over_sqrt_dh_on_original_q PASSED [ 47%]
tests/test_prefill_causal_and_quant_all_readback.py::TestPrefillIsCausal::test_causal_mask_utility PASSED [ 47%]
tests/test_prefill_causal_and_quant_all_readback.py::TestPrefillIsCausal::test_prefill_without_mask_produces_causal_attention PASSED [ 47%]
tests/test_prefill_causal_and_quant_all_readback.py::TestPrefillIsCausal::test_prefill_no_mask_future_tokens_zero_attention PASSED [ 48%]
tests/test_prefill_causal_and_quant_all_readback.py::TestPrefillIsCausal::test_prefill_with_explicit_mask_overrides_auto_mask PASSED [ 48%]
tests/test_prefill_causal_and_quant_all_readback.py::TestPrefillIsCausal::test_decode_q1_no_auto_mask PASSED [ 48%]
tests/test_prefill_causal_and_quant_all_readback.py::TestQuantAllReadsBackArchiveOnFirstPrefill::test_first_prefill_reads_from_archive PASSED [ 48%]
tests/test_prefill_causal_and_quant_all_readback.py::TestQuantAllReadsBackArchiveOnFirstPrefill::test_quant_all_k_lat_differs_from_raw_fp16 PASSED [ 49%]
tests/test_prefill_causal_and_quant_all_readback.py::TestQuantAllReadsBackArchiveOnFirstPrefill::test_quant_all_vs_quant_prefill_archive_populated PASSED [ 49%]
tests/test_prefill_is_causal_in_hawp_path.py::test_make_causal_mask_shape_and_values PASSED [ 49%]
tests/test_prefill_is_causal_in_hawp_path.py::test_make_causal_mask_rectangular PASSED [ 50%]
tests/test_prefill_is_causal_in_hawp_path.py::test_hawp_prefill_attention_is_causal PASSED [ 50%]
tests/test_prefill_is_causal_in_hawp_path.py::test_hawp_prefill_with_explicit_mask_matches_auto_mask PASSED [ 50%]
tests/test_prefill_is_causal_in_hawp_path.py::test_hawp_prefill_no_mask_differs_from_bidirectional PASSED [ 50%]
tests/test_prefill_is_causal_in_hawp_path.py::test_hawp_decode_single_token_path_is_valid PASSED [ 51%]
tests/test_prefill_is_causal_in_hawp_path.py::test_hawp_builds_causal_mask_when_needed_if_accessible PASSED [ 51%]
tests/test_prefill_is_causal_in_hawp_path.py::test_generate_hawp_quant_prefill_passes_attention_mask_if_accessible PASSED [ 51%]
tests/test_profile_reports_runtime_and_compressed_bytes.py::test_profile_reports_runtime_and_compressed_bytes PASSED [ 51%]
tests/test_projector.py::TestProjectorModule::test_forward_shapes PASSED [ 52%]
tests/test_projector.py::TestProjectorModule::test_orthogonalize PASSED  [ 52%]
tests/test_projector.py::TestProjectorModule::test_gradient_flows PASSED [ 52%]
tests/test_projector.py::TestProjectorModule::test_asymmetric_ranks PASSED [ 52%]
tests/test_projector.py::TestProjectorTrainer::test_train_one_group_loss_decreases PASSED [ 53%]
tests/test_projector.py::TestProjectorTrainer::test_result_keys_and_shapes PASSED [ 53%]
tests/test_projector.py::TestProjectorTrainer::test_save_result PASSED   [ 53%]
tests/test_projector.py::TestProjectorTrainer::test_qr_columns_orthogonal PASSED [ 53%]
tests/test_projector_artifact_management.py::test_single_group_rebuilds_ranks_json PASSED [ 54%]
tests/test_projector_artifact_management.py::test_rebuild_ranks_json_skips_legacy_files_with_warning PASSED [ 54%]
tests/test_projector_artifact_management.py::test_inspect_projector_dir_detects_legacy_shape_mismatch PASSED [ 54%]
tests/test_projector_artifact_management.py::test_generate_preflight_fails_fast_on_legacy_projectors PASSED [ 55%]
tests/test_projector_gamma_orthonormal.py::test_gamma_receives_gradient_from_logits_path PASSED [ 55%]
tests/test_projector_gamma_orthonormal.py::test_projector_full_matrix_is_orthonormal PASSED [ 55%]
tests/test_projector_gamma_orthonormal.py::test_trainer_output_matches_inference_gamma_semantics PASSED [ 55%]
tests/test_projector_save_load_roundtrip.py::test_saved_file_has_canonical_fields PASSED [ 56%]
tests/test_projector_save_load_roundtrip.py::test_r_k_r_v_consistent PASSED [ 56%]
tests/test_projector_save_load_roundtrip.py::test_roundtrip_p_k_p_v_gamma PASSED [ 56%]
tests/test_projector_save_load_roundtrip.py::test_ranks_json_matches_model PASSED [ 56%]
tests/test_projector_save_load_roundtrip.py::test_load_legacy_gamma_fields_if_present PASSED [ 57%]
tests/test_projector_save_load_roundtrip.py::test_gamma_preferred_over_legacy_fields PASSED [ 57%]
tests/test_projector_trainer_hawp_contract.py::test_projector_trainer_output_matches_hawp_contract PASSED [ 57%]
tests/test_quant_all_full_requantize.py::test_quant_all_full_requantize_after_append PASSED [ 57%]
tests/test_quant_all_full_requantize.py::test_archive_roundtrip_consistency_after_multiple_appends PASSED [ 58%]
tests/test_quant_all_reads_back_archive_on_first_prefill.py::test_quant_all_first_prefill_reads_back_archive PASSED [ 58%]
tests/test_quant_all_reads_back_archive_on_first_prefill.py::test_quant_all_first_prefill_does_not_bypass_archive_kv PASSED [ 58%]
tests/test_quant_all_reads_back_archive_on_first_prefill.py::test_quant_all_uses_quantized_archive_when_recent_window_zero_if_accessible PASSED [ 59%]
tests/test_quant_all_reads_back_archive_on_first_prefill.py::test_quant_all_vs_quant_window_behavior PASSED [ 59%]
tests/test_quant_all_reads_back_archive_on_first_prefill.py::test_quant_all_second_decode_continues_archive_path PASSED [ 59%]
tests/test_quant_cache_summary_counts_raw_archive.py::test_quant_cache_summary_counts_raw_archive PASSED [ 59%]
tests/test_quant_per_layer_ranks.py::test_hawp_quant_uses_module_local_ranks_for_quantizer PASSED [ 60%]
tests/test_quantizer.py::TestPackInt4::test_roundtrip_even PASSED        [ 60%]
tests/test_quantizer.py::TestPackInt4::test_roundtrip_odd PASSED         [ 60%]
tests/test_quantizer.py::TestPackInt4::test_clamp_overflow PASSED        [ 60%]
tests/test_quantizer.py::TestPackInt4::test_packed_dtype_and_size PASSED [ 61%]
tests/test_quantizer.py::TestPackInt4::test_zero_tensor PASSED           [ 61%]
tests/test_quantizer.py::TestOrthogonalize::test_output_is_orthogonal PASSED [ 61%]
tests/test_quantizer.py::TestOrthogonalize::test_preserves_dtype PASSED  [ 61%]
tests/test_quantizer.py::TestTopkRecall::test_perfect_recall PASSED      [ 62%]
tests/test_quantizer.py::TestTopkRecall::test_zero_recall PASSED         [ 62%]
tests/test_quantizer.py::TestTopkRecall::test_partial_recall PASSED      [ 62%]
tests/test_quantizer.py::TestPairwiseHingeRankingLoss::test_zero_loss_when_neg_far PASSED [ 63%]
tests/test_quantizer.py::TestPairwiseHingeRankingLoss::test_nonzero_loss_when_neg_close PASSED [ 63%]
tests/test_quantizer.py::TestKQuantizer::test_dequantize_shape PASSED    [ 63%]
tests/test_quantizer.py::TestKQuantizer::test_int4_range PASSED          [ 63%]
tests/test_quantizer.py::TestKQuantizer::test_zero_input PASSED          [ 64%]
tests/test_quantizer.py::TestKQuantizer::test_with_rotation PASSED       [ 64%]
tests/test_quantizer.py::TestKQuantizer::test_scale_positive PASSED      [ 64%]
tests/test_quantizer.py::TestKQuantizer::test_approximate_reconstruction PASSED [ 64%]
tests/test_quantizer.py::TestVQuantizer::test_dequantize_shape PASSED    [ 65%]
tests/test_quantizer.py::TestVQuantizer::test_int8_range PASSED          [ 65%]
tests/test_quantizer.py::TestVQuantizer::test_zero_input PASSED          [ 65%]
tests/test_quantizer.py::TestVQuantizer::test_with_outlier_residual PASSED [ 65%]
tests/test_quantizer.py::TestVQuantizer::test_no_outlier_when_threshold_none PASSED [ 66%]
tests/test_quantizer.py::TestVQuantizer::test_approximate_reconstruction PASSED [ 66%]
tests/test_quantizer_builders.py::TestQuantConfig::test_defaults PASSED  [ 66%]
tests/test_quantizer_builders.py::TestQuantConfig::test_custom PASSED    [ 67%]
tests/test_quantizer_builders.py::TestQuantConfigFromYaml::test_dev_local PASSED [ 67%]
tests/test_quantizer_builders.py::TestQuantConfigFromYaml::test_run_server PASSED [ 67%]
tests/test_quantizer_builders.py::TestBuildKQuantizer::test_returns_turbo_mse PASSED [ 67%]
tests/test_quantizer_builders.py::TestBuildKQuantizer::test_no_rotation PASSED [ 68%]
tests/test_quantizer_builders.py::TestBuildKQuantizer::test_unsupported_method_raises PASSED [ 68%]
tests/test_quantizer_builders.py::TestBuildKQuantizer::test_quantize_roundtrip PASSED [ 68%]
tests/test_quantizer_builders.py::TestBuildVQuantizer::test_returns_turbo_mse PASSED [ 68%]
tests/test_quantizer_builders.py::TestBuildVQuantizer::test_no_rotation PASSED [ 69%]
tests/test_quantizer_builders.py::TestBuildVQuantizer::test_unsupported_method_raises PASSED [ 69%]
tests/test_quantizer_builders.py::TestBuildVQuantizer::test_quantize_roundtrip PASSED [ 69%]
tests/test_quantizer_builders.py::TestBuildKVPair::test_different_bits_and_rotation PASSED [ 69%]
tests/test_quantizer_builders.py::TestBuildKVPair::test_from_yaml_roundtrip PASSED [ 70%]
tests/test_quantizer_kv_split.py::TestQuantConfigDefaults::test_k_method_is_turbo_prod PASSED [ 70%]
tests/test_quantizer_kv_split.py::TestQuantConfigDefaults::test_v_method_is_turbo_mse PASSED [ 70%]
tests/test_quantizer_kv_split.py::TestYamlKvSplit::test_dev_local_k_prod_v_mse PASSED [ 71%]
tests/test_quantizer_kv_split.py::TestYamlKvSplit::test_run_server_k_prod_v_mse PASSED [ 71%]
tests/test_quantizer_kv_split.py::TestBuildKQuantizerProd::test_returns_turbo_prod PASSED [ 71%]
tests/test_quantizer_kv_split.py::TestBuildKQuantizerProd::test_bits_propagated PASSED [ 71%]
tests/test_quantizer_kv_split.py::TestBuildKQuantizerProd::test_rotation_propagated PASSED [ 72%]
tests/test_quantizer_kv_split.py::TestBuildKQuantizerProd::test_no_rotation PASSED [ 72%]
tests/test_quantizer_kv_split.py::TestBuildKQuantizerProd::test_group_size_propagated PASSED [ 72%]
tests/test_quantizer_kv_split.py::TestBuildKQuantizerProd::test_quantize_dequantize PASSED [ 72%]
tests/test_quantizer_kv_split.py::TestBuildKQuantizerProd::test_approx_inner_product PASSED [ 73%]
tests/test_quantizer_kv_split.py::TestBuildKQuantizerMse::test_returns_turbo_mse_when_requested PASSED [ 73%]
tests/test_quantizer_kv_split.py::TestBuildKQuantizerMse::test_bits_propagated PASSED [ 73%]
tests/test_quantizer_kv_split.py::TestBuildVQuantizerMse::test_returns_turbo_mse PASSED [ 73%]
tests/test_quantizer_kv_split.py::TestBuildVQuantizerMse::test_bits_propagated PASSED [ 74%]
tests/test_quantizer_kv_split.py::TestBuildVQuantizerMse::test_rotation_propagated PASSED [ 74%]
tests/test_quantizer_kv_split.py::TestBuildVQuantizerMse::test_no_rotation PASSED [ 74%]
tests/test_quantizer_kv_split.py::TestBuildVQuantizerProd::test_returns_turbo_prod_when_requested PASSED [ 75%]
tests/test_quantizer_kv_split.py::TestKVPairFromYaml::test_dev_local_builds_correct_types PASSED [ 75%]
tests/test_quantizer_kv_split.py::TestKVPairFromYaml::test_dev_local_bits_differ PASSED [ 75%]
tests/test_quantizer_kv_split.py::TestKVPairFromYaml::test_roundtrip_from_yaml PASSED [ 75%]
tests/test_quantizer_kv_split.py::TestUnsupportedMethod::test_k_unsupported PASSED [ 76%]
tests/test_quantizer_kv_split.py::TestUnsupportedMethod::test_v_unsupported PASSED [ 76%]
tests/test_rank_search_candidate_filter.py::test_rank_search_filters_candidates_above_head_dim PASSED [ 76%]
tests/test_rank_search_candidate_filter.py::test_rank_search_raises_if_no_valid_candidates PASSED [ 76%]
tests/test_rank_search_candidate_filter.py::test_projector_trainer_rejects_rank_above_head_dim PASSED [ 77%]
tests/test_rank_search_selection.py::test_rank_search_selection_uses_attn_value_score_not_total_loss PASSED [ 77%]
tests/test_rank_search_selection.py::test_rank_search_absolute_tolerance_with_near_zero_baseline PASSED [ 77%]
tests/test_rank_search_selection.py::test_rank_search_prefers_rank_search_n_steps_over_projector_n_steps PASSED [ 77%]
tests/test_rank_search_selection.py::test_rank_search_json_contains_selection_fields PASSED [ 78%]
tests/test_rank_search_selection.py::test_rank_search_rejects_unsupported_selection_metric PASSED [ 78%]
tests/test_resolve_projector_ranks.py::test_resolve_projector_ranks_from_rk_rv PASSED [ 78%]
tests/test_resolve_projector_ranks.py::test_resolve_projector_ranks_from_rank_alias PASSED [ 78%]
tests/test_resolve_projector_ranks.py::test_resolve_projector_ranks_quant_only_is_full_rank PASSED [ 79%]
tests/test_resolve_projector_ranks.py::test_resolve_projector_ranks_missing_values_raise PASSED [ 79%]
tests/test_resolve_projector_ranks.py::test_resolve_projector_ranks_partial_raises PASSED [ 79%]
tests/test_resolve_projector_ranks.py::test_resolve_projector_ranks_out_of_range PASSED [ 80%]
tests/test_resolve_projector_ranks.py::test_resolve_projector_ranks_zero_raises PASSED [ 80%]
tests/test_scheduler.py::TestTokenState::test_high_within_window PASSED  [ 80%]
tests/test_scheduler.py::TestTokenState::test_low_when_within_budget PASSED [ 80%]
tests/test_scheduler.py::TestTokenState::test_drop_when_over_budget PASSED [ 81%]
tests/test_scheduler.py::TestRebalance::test_no_drop_when_under_budget PASSED [ 81%]
tests/test_scheduler.py::TestRebalance::test_drop_count_returned PASSED  [ 81%]
tests/test_scheduler.py::TestRebalance::test_recent_tokens_not_dropped PASSED [ 81%]
tests/test_scheduler.py::TestReset::test_reset_clears_seq_len PASSED     [ 82%]
tests/test_scheduler.py::TestIndexError::test_out_of_range_raises PASSED [ 82%]
tests/test_shapes.py::TestIO::test_pt_roundtrip PASSED                   [ 82%]
tests/test_shapes.py::TestIO::test_json_roundtrip PASSED                 [ 82%]
tests/test_shapes.py::TestMemory::test_tensor_nbytes_float32 PASSED      [ 83%]
tests/test_shapes.py::TestMemory::test_tensor_nbytes_float16 PASSED      [ 83%]
tests/test_shapes.py::TestMemory::test_format_nbytes PASSED              [ 83%]
tests/test_shapes.py::TestSeed::test_reproducibility PASSED              [ 84%]
tests/test_shapes.py::TestSeed::test_different_seed PASSED               [ 84%]
tests/test_shapes.py::TestBuildLogger::test_logger_created PASSED        [ 84%]
tests/test_shapes.py::TestBuildLogger::test_logger_no_file PASSED        [ 84%]
tests/test_shapes.py::TestBuildLogger::test_idempotent PASSED            [ 85%]
tests/test_single_group_resolved_ranks.py::test_single_group_training_uses_resolved_rk_rv PASSED [ 85%]
tests/test_turboquant_mse.py::TestTurboQuantMSEConstruction::test_default_construction PASSED [ 85%]
tests/test_turboquant_mse.py::TestTurboQuantMSEConstruction::test_no_rotation PASSED [ 85%]
tests/test_turboquant_mse.py::TestTurboQuantMSEConstruction::test_custom_group_size PASSED [ 86%]
tests/test_turboquant_mse.py::TestTurboQuantMSEConstruction::test_invalid_bits PASSED [ 86%]
tests/test_turboquant_mse.py::TestTurboQuantMSEConstruction::test_invalid_dim PASSED [ 86%]
tests/test_turboquant_mse.py::TestTurboQuantMSEConstruction::test_invalid_group_size PASSED [ 86%]
tests/test_turboquant_mse.py::TestTurboQuantShape::test_quantize_2d_q_shape PASSED [ 87%]
tests/test_turboquant_mse.py::TestTurboQuantShape::test_quantize_3d_q_shape PASSED [ 87%]
tests/test_turboquant_mse.py::TestTurboQuantShape::test_dequantize_2d_shape PASSED [ 87%]
tests/test_turboquant_mse.py::TestTurboQuantShape::test_dequantize_3d_shape PASSED [ 88%]
tests/test_turboquant_mse.py::TestTurboQuantShape::test_scale_n_groups PASSED [ 88%]
tests/test_turboquant_mse.py::TestTurboQuantShape::test_invalid_input_dim PASSED [ 88%]
tests/test_turboquant_mse.py::TestTurboQuantShape::test_invalid_input_ndim PASSED [ 88%]
tests/test_turboquant_mse.py::TestTurboQuantRoundtrip::test_roundtrip_with_rotation PASSED [ 89%]
tests/test_turboquant_mse.py::TestTurboQuantRoundtrip::test_roundtrip_without_rotation PASSED [ 89%]
tests/test_turboquant_mse.py::TestTurboQuantRoundtrip::test_roundtrip_8bit_better_than_4bit PASSED [ 89%]
tests/test_turboquant_mse.py::TestTurboQuantRoundtrip::test_roundtrip_3d PASSED [ 89%]
tests/test_turboquant_mse.py::TestTurboQuantRoundtrip::test_rotation_improves_quality PASSED [ 90%]
tests/test_turboquant_mse.py::TestTurboQuantRoundtrip::test_dim_not_multiple_of_group_size PASSED [ 90%]
tests/test_turboquant_mse.py::TestTurboQuantRoundtrip::test_dim_smaller_than_group_size PASSED [ 90%]
tests/test_turboquant_mse.py::TestTurboQuantRoundtrip::test_2bit_roundtrip PASSED [ 90%]
tests/test_turboquant_mse.py::TestTurboQuantRoundtrip::test_3bit_roundtrip PASSED [ 91%]
tests/test_turboquant_mse.py::TestTurboQuantBytes::test_estimate_positive PASSED [ 91%]
tests/test_turboquant_mse.py::TestTurboQuantBytes::test_4bit_smaller_than_fp32 PASSED [ 91%]
tests/test_turboquant_mse.py::TestTurboQuantBytes::test_8bit_larger_than_4bit PASSED [ 92%]
tests/test_turboquant_mse.py::TestTurboQuantBytes::test_rotation_adds_bytes PASSED [ 92%]
tests/test_turboquant_mse.py::TestTurboQuantState::test_get_state PASSED [ 92%]
tests/test_turboquant_mse.py::TestTurboQuantState::test_from_state_roundtrip PASSED [ 92%]
tests/test_turboquant_mse.py::TestTurboQuantState::test_state_no_rotation PASSED [ 93%]
tests/test_turboquant_mse.py::TestRotationOrthogonal::test_rotation_is_orthogonal PASSED [ 93%]
tests/test_turboquant_mse.py::TestRotationOrthogonal::test_rebuild_rotation PASSED [ 93%]
tests/test_turboquant_prod.py::TestTurboQuantProdConstruction::test_default PASSED [ 93%]
tests/test_turboquant_prod.py::TestTurboQuantProdConstruction::test_no_rotation PASSED [ 94%]
tests/test_turboquant_prod.py::TestTurboQuantProdConstruction::test_invalid_dim PASSED [ 94%]
tests/test_turboquant_prod.py::TestTurboQuantProdQuantize::test_2d_output_structure PASSED [ 94%]
tests/test_turboquant_prod.py::TestTurboQuantProdQuantize::test_3d_output_structure PASSED [ 94%]
tests/test_turboquant_prod.py::TestTurboQuantProdQuantize::test_dim_mismatch_raises PASSED [ 95%]
tests/test_turboquant_prod.py::TestTurboQuantProdQuantize::test_residual_sign_is_bool PASSED [ 95%]
tests/test_turboquant_prod.py::TestTurboQuantProdQuantize::test_residual_norm_nonnegative PASSED [ 95%]
tests/test_turboquant_prod.py::TestTurboQuantProdDequantize::test_roundtrip_shape_2d PASSED [ 96%]
tests/test_turboquant_prod.py::TestTurboQuantProdDequantize::test_roundtrip_shape_3d PASSED [ 96%]
tests/test_turboquant_prod.py::TestTurboQuantProdDequantize::test_prod_better_than_pure_mse PASSED [ 96%]
tests/test_turboquant_prod.py::TestTurboQuantProdInnerProduct::test_approx_ip_runs_1d_query PASSED [ 96%]
tests/test_turboquant_prod.py::TestTurboQuantProdInnerProduct::test_approx_ip_runs_2d_query PASSED [ 97%]
tests/test_turboquant_prod.py::TestTurboQuantProdInnerProduct::test_approx_ip_close_to_full_dequant PASSED [ 97%]
tests/test_turboquant_prod.py::TestTurboQuantProdInnerProduct::test_ip_prod_better_than_mse_only PASSED [ 97%]
tests/test_turboquant_prod.py::TestTurboQuantProdBitsTrend::test_higher_bits_lower_reconstruction_error PASSED [ 97%]
tests/test_turboquant_prod.py::TestTurboQuantProdBitsTrend::test_higher_bits_lower_ip_error PASSED [ 98%]
tests/test_turboquant_prod.py::TestTurboQuantProdBytes::test_larger_than_mse_only PASSED [ 98%]
tests/test_turboquant_prod.py::TestTurboQuantProdBytes::test_positive PASSED [ 98%]
tests/test_turboquant_prod.py::TestTurboQuantProdRotation::test_build_rotation PASSED [ 98%]
tests/test_turboquant_prod.py::TestTurboQuantProdRotation::test_rotation_is_orthogonal PASSED [ 99%]
tests/test_unique_layer_idx_after_convert.py::test_at_least_one_hawp_attention PASSED [ 99%]
tests/test_unique_layer_idx_after_convert.py::test_layer_idx_unique PASSED [ 99%]
tests/test_unique_layer_idx_after_convert.py::test_layer_idx_sequential PASSED [100%]

============================== warnings summary ===============================
tests/test_rank_search_candidate_filter.py::test_rank_search_raises_if_no_valid_candidates
  D:\1_Talkweb\LLM\matrix\tests\test_rank_search_candidate_filter.py:69: UserWarning: [rank_search] layer 0: head_dim=16, filtering out rank candidates exceeding head_dim: [128, 256]. Valid candidates: []
    search_rank_per_layer(

-- Docs: https://docs.pytest.org/en/stable/how-to/capture-warnings.html
======================= 376 passed, 1 warning in 59.24s =======================

